Alexander Massey war so freundlich, mir die ungeclusterten Schaetzter nachzurechnen,
er kommt zu denselben Ergebnissen, auch wenn er noch von c1.43 statt von c2... spricht.
Der geclusterte Teil ist nicht nachgerechnet.
### not clustered:
## Naive Designschaetzung:
 smallArea prediction variance
         a   349.6911 613.2103
         b   408.8345 601.4051
## eSRE nach Mandallaz:
exhaustive:
 smallArea prediction variance
         a   458.8081 139.8368
         b   420.7548  61.0124
partially exhaustive:
 smallArea prediction  variance
         a   466.8734 129.19192
         b   421.6317  61.77774
three-phase:
 smallArea prediction  variance
         a   406.8436 137.36217
         b   394.0745  89.06625
non-exhaustive:
 smallArea prediction  variance
         a   407.0275 151.19015
         b   393.7298  83.86113
### clustered:
## Naive Designschaetzung:
 smallArea prediction  variance
         a   349.6911 1044.4812
         b   408.8345  933.8224
## eSRE nach Mandallaz:
exhaustive:
 smallArea prediction variance
         a   457.2811 252.0801
         b   419.8889 106.3715
partially exhaustive:
 smallArea prediction variance
         a   466.9150 228.6776
         b   421.5338 109.1652
three-phase:
 smallArea prediction variance
         a   406.8031 233.3356
         b   394.3013 159.0288
non-exhaustive:
 smallArea prediction variance
         a   407.1373 262.6694
         b   393.6461 146.8731
